// Jest Snapshot v1, https://goo.gl/fbAQLP

exports[`App component matchs the snapshot 1`] = `
<div>
  <h1>
    Loading...
  </h1>
</div>
`;

exports[`Posts component matchs the snapshot 1`] = `
<div>
  <h1>
    Loading...
  </h1>
</div>
`;
